// foo
// bar
var foo = 123;
/* baz */
console.log(foo + bar);
console.log(foo + bar);

<xml> <foo><bar/>
</foo>
</xml>
